// Jest Snapshot v1, https://goo.gl/fbAQLP

exports[`<AnnouncementBar /> renders an api status message if there is one 1`] = `[Function]`;
